// Jest Snapshot v1, https://goo.gl/fbAQLP

exports[`<Review /> should render some review 1`] = `
<div
  className="review"
>
  <blockquote
    className="review__quote"
  >
    <p
      className="review__text"
    >
      Review text
    </p>
    <footer
      className="review__details"
    >
      <cite
        className="review__author"
      >
        review author
      </cite>
      <time
        className="review__date"
        dateTime="2016-12-20"
      >
        December 20, 2016
      </time>
    </footer>
  </blockquote>
  <div
    className="review__rating"
  >
    7,2
  </div>
</div>
`;
