// Jest Snapshot v1, https://goo.gl/fbAQLP

exports[`<MovieCard /> should render moviee small card 1`] = `
<article
  className="small-movie-card catalog__movies-card"
>
  <div
    className="small-movie-card__image"
    id="201"
    onClick={[Function]}
    onMouseOut={[Function]}
    onMouseOver={[Function]}
  >
    <img
      alt="rampage poster"
      height="175"
      src="img/rampage.jpg"
      width="280"
    />
  </div>
  <h3
    className="small-movie-card__title"
    onClick={[Function]}
  >
    <a
      className="small-movie-card__link"
      href="#"
    >
      Rampage
    </a>
  </h3>
</article>
`;
