// Jest Snapshot v1, https://goo.gl/fbAQLP

exports[`<MovieCard /> should render Commuter small card 1`] = `
<article
  className="small-movie-card catalog__movies-card"
>
  <div
    className="small-movie-card__image"
    id="201"
    onMouseOver={[Function]}
  >
    <img
      alt="When three different animals become infected with a dangerous pathogen, a primatologist and a geneticist team up to stop them from destroying Chicago"
      height="175"
      src="img/rampage.jpg"
      width="280"
    />
  </div>
  <h3
    className="small-movie-card__title"
  >
    <a
      className="small-movie-card__link"
      href="movie-page.html"
    >
      Rampage
    </a>
  </h3>
</article>
`;
